Compute resource observation: sequence=0 point=Configured role=Replacement scene=VoxelSceneId("canonical-dense-scene") installed_revision=1 installed_generation=0 preparing=None pending=None paused=None hidden=None cleanup_debt=None bytes=2572992 objects=17 allocations=4 workers=0 views=0
Compute resource observation: sequence=1 point=Released role=Replacement scene=VoxelSceneId("canonical-dense-scene") installed_revision=1 installed_generation=0 preparing=None pending=None paused=None hidden=None cleanup_debt=None bytes=524912 objects=2 allocations=2 workers=0 views=0
Compute resource observation: sequence=2 point=Configured role=Replacement scene=VoxelSceneId("canonical-dense-scene") installed_revision=1 installed_generation=0 preparing=None pending=None paused=None hidden=None cleanup_debt=None bytes=3916480 objects=17 allocations=4 workers=0 views=0
Compute resource observation: sequence=3 point=Released role=Replacement scene=VoxelSceneId("canonical-dense-scene") installed_revision=1 installed_generation=0 preparing=None pending=None paused=None hidden=None cleanup_debt=None bytes=524912 objects=2 allocations=2 workers=0 views=0
Compute resource observation: sequence=4 point=Configured role=Replacement scene=VoxelSceneId("canonical-dense-scene") installed_revision=1 installed_generation=0 preparing=None pending=None paused=None hidden=None cleanup_debt=None bytes=3211968 objects=17 allocations=4 workers=0 views=0
Compute resource observation: sequence=5 point=Released role=Replacement scene=VoxelSceneId("canonical-dense-scene") installed_revision=1 installed_generation=0 preparing=None pending=None paused=None hidden=None cleanup_debt=None bytes=524912 objects=2 allocations=2 workers=0 views=0
Compute resource observation: sequence=6 point=Configured role=Replacement scene=VoxelSceneId("canonical-dense-scene") installed_revision=1 installed_generation=0 preparing=None pending=None paused=None hidden=None cleanup_debt=None bytes=3211968 objects=17 allocations=4 workers=0 views=0
Compute resource observation: sequence=7 point=Released role=Replacement scene=VoxelSceneId("canonical-dense-scene") installed_revision=1 installed_generation=0 preparing=None pending=None paused=None hidden=None cleanup_debt=None bytes=524912 objects=2 allocations=2 workers=0 views=0
Compute resource observation: sequence=8 point=Configured role=Replacement scene=VoxelSceneId("canonical-dense-scene") installed_revision=1 installed_generation=0 preparing=None pending=None paused=None hidden=None cleanup_debt=None bytes=3621568 objects=17 allocations=4 workers=0 views=0
Compute resource observation: sequence=9 point=Presentation role=Presenting scene=VoxelSceneId("canonical-dense-scene") installed_revision=1 installed_generation=0 preparing=None pending=None paused=None hidden=None cleanup_debt=None bytes=3621568 objects=17 allocations=4 workers=0 views=0
Compute resource observation: sequence=10 point=Convergence role=Presenting scene=VoxelSceneId("canonical-dense-scene") installed_revision=1 installed_generation=0 preparing=Some(ComputeConvergenceWorkStamp { revision: VoxelSceneRevision(2), generation: ComputeConvergenceGeneration(1) }) pending=None paused=None hidden=None cleanup_debt=None bytes=3621568 objects=17 allocations=4 workers=1 views=2
Compute resource observation: sequence=11 point=Convergence role=Presenting scene=VoxelSceneId("canonical-dense-scene") installed_revision=1 installed_generation=0 preparing=Some(ComputeConvergenceWorkStamp { revision: VoxelSceneRevision(2), generation: ComputeConvergenceGeneration(1) }) pending=Some(ComputeConvergenceWorkStamp { revision: VoxelSceneRevision(3), generation: ComputeConvergenceGeneration(2) }) paused=None hidden=None cleanup_debt=None bytes=3621568 objects=17 allocations=4 workers=1 views=3
Compute resource observation: sequence=12 point=Convergence role=Presenting scene=VoxelSceneId("canonical-dense-scene") installed_revision=1 installed_generation=0 preparing=Some(ComputeConvergenceWorkStamp { revision: VoxelSceneRevision(3), generation: ComputeConvergenceGeneration(2) }) pending=None paused=None hidden=None cleanup_debt=None bytes=3621568 objects=17 allocations=4 workers=1 views=2
Compute resource observation: sequence=13 point=Convergence role=Presenting scene=VoxelSceneId("canonical-dense-scene") installed_revision=1 installed_generation=0 preparing=None pending=None paused=None hidden=Some(ComputeConvergenceWorkStamp { revision: VoxelSceneRevision(3), generation: ComputeConvergenceGeneration(2) }) cleanup_debt=None bytes=4145952 objects=18 allocations=5 workers=0 views=1
Compute resource observation: sequence=14 point=Convergence role=Presenting scene=VoxelSceneId("canonical-dense-scene") installed_revision=1 installed_generation=0 preparing=Some(ComputeConvergenceWorkStamp { revision: VoxelSceneRevision(4), generation: ComputeConvergenceGeneration(3) }) pending=None paused=None hidden=None cleanup_debt=None bytes=3621568 objects=17 allocations=4 workers=1 views=2
Compute resource observation: sequence=15 point=Convergence role=Presenting scene=VoxelSceneId("canonical-dense-scene") installed_revision=4 installed_generation=3 preparing=None pending=None paused=None hidden=None cleanup_debt=None bytes=3621568 objects=17 allocations=4 workers=0 views=0
Compute resource observation: sequence=16 point=Released role=Presenting scene=VoxelSceneId("canonical-dense-scene") installed_revision=4 installed_generation=3 preparing=None pending=None paused=None hidden=None cleanup_debt=None bytes=524912 objects=2 allocations=2 workers=0 views=0
Compute resource observation: sequence=17 point=Configured role=Presenting scene=VoxelSceneId("canonical-dense-scene") installed_revision=4 installed_generation=3 preparing=None pending=None paused=None hidden=None cleanup_debt=None bytes=3621568 objects=17 allocations=4 workers=0 views=0
Compute resource observation: sequence=18 point=Shutdown role=Retiring scene=VoxelSceneId("canonical-dense-scene") installed_revision=4 installed_generation=3 preparing=None pending=None paused=None hidden=None cleanup_debt=None bytes=0 objects=0 allocations=0 workers=0 views=0
Compute resource observation: sequence=0 point=Configured role=Replacement scene=VoxelSceneId("canonical-dense-scene") installed_revision=4 installed_generation=0 preparing=None pending=None paused=None hidden=None cleanup_debt=None bytes=3621568 objects=17 allocations=4 workers=0 views=0
Compute resource observation: sequence=1 point=Presentation role=Presenting scene=VoxelSceneId("canonical-dense-scene") installed_revision=4 installed_generation=0 preparing=None pending=None paused=None hidden=None cleanup_debt=None bytes=3621568 objects=17 allocations=4 workers=0 views=0
Compute resource observation: sequence=2 point=Released role=Presenting scene=VoxelSceneId("canonical-dense-scene") installed_revision=4 installed_generation=0 preparing=None pending=None paused=None hidden=None cleanup_debt=None bytes=524912 objects=2 allocations=2 workers=0 views=0
Compute resource observation: sequence=3 point=Shutdown role=Presenting scene=VoxelSceneId("canonical-dense-scene") installed_revision=4 installed_generation=0 preparing=None pending=None paused=None hidden=None cleanup_debt=None bytes=0 objects=0 allocations=0 workers=0 views=0
Render Path-owned raster resources after shutdown: 0
Render Path-owned compute resources after shutdown: objects=0 allocations=0 workers=0 views=0
Render Path switching resources after shutdown: replacement=0 retiring=0
