In-client convergence overlay created
Canonical scene: generator=voxel-nexus-canonical-dense version=1 seed=6219286665078134867 dimensions=64x32x64 origin=-8,-4,-8 voxel_size=0.25 materials=canonical-warm,canonical-green,canonical-blue material_colors=0.95,0.22,0.1,1;0.12,0.75,0.28,1;0.1,0.32,0.95,1 occupied=52608 exposed_faces=13616 exposed_face_limit=14000
Canonical camera: camera=overview eye=20,14,22 target=0,0,0 up=0,1,0 fov_degrees=50 near=0.1 far=100
Semantic evidence: {"direction":[0.0,0.0,1.0],"kind":"probe_definition","maximum_distance":0.125,"minimum_distance":0.0,"origin":[-7.96875,-3.96875,-8.0625],"probe_identity":"edit-0-0-0"}
Semantic evidence: {"direction":[0.0,0.0,1.0],"kind":"probe_definition","maximum_distance":0.125,"minimum_distance":0.0,"origin":[-5.46875,-3.96875,-8.0625],"probe_identity":"edit-40-0-0"}
Semantic evidence: {"direction":[0.0,0.0,1.0],"kind":"probe_definition","maximum_distance":0.125,"minimum_distance":0.0,"origin":[-2.96875,-3.96875,-8.0625],"probe_identity":"edit-80-0-0"}
Presenting Render Path: Raster; Required=1 Visible=1 CameraStateRevision=CameraStateRevision(1) Readiness=Preparing
Vulkan drawable extent: 800x600
Vulkan device: NVIDIA GeForce RTX 4070
Driver version: 2497200128 (0x94d84000)
Vulkan API version: 1.4.329
Vulkan validation: enabled
Vulkan present mode: FIFO
GPU timestamp valid bits: 64
GPU timestamp period nanoseconds: 1
Render Path overlay: Presenter=Raster Switch=idle ReplacementRevision=none Required=1 Visible=1 Burst=inactive Camera=overview Control=Tab-waiting-for-convergence
Raster artifact installed: revision=1 count=1
Render Path timing event: phase=Presentation render_path=Raster revision=1 elapsed_ms=48.047900
First matching raster frame presented: revision=1
Semantic qualification: path=Raster probe=edit-0-0-0 revision=1 frame=1 correspondence=NotApplicableMiss result=pass
Semantic evidence: {"correspondence":"NotApplicableMiss","frame_sequence":1,"kind":"observation","oracle":{"result":"miss"},"passed":true,"probe_identity":"edit-0-0-0","render_path":"raster","revision":"1"}
Semantic qualification: path=Raster probe=edit-40-0-0 revision=1 frame=1 correspondence=NotApplicableMiss result=pass
Semantic evidence: {"correspondence":"NotApplicableMiss","frame_sequence":1,"kind":"observation","oracle":{"result":"miss"},"passed":true,"probe_identity":"edit-40-0-0","render_path":"raster","revision":"1"}
Semantic qualification: path=Raster probe=edit-80-0-0 revision=1 frame=1 correspondence=NotApplicableMiss result=pass
Semantic evidence: {"correspondence":"NotApplicableMiss","frame_sequence":1,"kind":"observation","oracle":{"result":"miss"},"passed":true,"probe_identity":"edit-80-0-0","render_path":"raster","revision":"1"}
Render Path overlay: Presenter=Raster Switch=idle ReplacementRevision=none Required=1 Visible=1 Burst=inactive Camera=overview Control=Tab-ready
Render Path timing event: phase=Presentation render_path=Raster revision=1 elapsed_ms=0.200800
Render Path timing event: phase=Presentation render_path=Raster revision=1 elapsed_ms=0.158000
Render Path timing event: phase=Presentation render_path=Raster revision=1 elapsed_ms=0.219900
Edit burst command: order=1 volume=VoxelVolumeId("canonical-volume") coordinate=VoxelCoordinate { x: 0, y: 0, z: 0 } old=empty requested=occupied:VoxelMaterialId("canonical-warm")
Edit burst command: order=2 volume=VoxelVolumeId("canonical-volume") coordinate=VoxelCoordinate { x: 21, y: 0, z: 0 } old=empty requested=occupied:VoxelMaterialId("canonical-warm")
Edit burst command: order=3 volume=VoxelVolumeId("canonical-volume") coordinate=VoxelCoordinate { x: 42, y: 0, z: 0 } old=empty requested=occupied:VoxelMaterialId("canonical-warm")
Edit burst inputs: scene=VoxelSceneId("canonical-dense-scene") generator=voxel-nexus-canonical-dense generator_version=1 initial_revision=1 raster_region_extent=32x32x32 camera=overview installed_revision=1 installed_complete=true expected_final_revision=4
Compute edit burst qualification: preparation_block_edge=32 hold_after_completed_blocks=1 post_upload_revision=3 expected_final_revision=4
Semantic evidence: {"direction":[0.0,0.0,1.0],"kind":"probe_definition","maximum_distance":0.125,"minimum_distance":0.0,"origin":[-7.96875,-3.96875,-8.0625],"probe_identity":"edit-0-0-0"}
Semantic evidence: {"direction":[0.0,0.0,1.0],"kind":"probe_definition","maximum_distance":0.125,"minimum_distance":0.0,"origin":[-5.46875,-3.96875,-8.0625],"probe_identity":"edit-40-0-0"}
Semantic evidence: {"direction":[0.0,0.0,1.0],"kind":"probe_definition","maximum_distance":0.125,"minimum_distance":0.0,"origin":[-2.96875,-3.96875,-8.0625],"probe_identity":"edit-80-0-0"}
Tab switch accepted: Presenting=Raster Replacement=ComputeRay revision=1
Render Path overlay: Presenter=Raster Switch=preparing ReplacementRevision=1 Required=1 Visible=1 Burst=awaiting-space Camera=overview Control=Tab-accepted-ComputeRay
Render Path timing event: phase=Presentation render_path=ComputeRay revision=1 elapsed_ms=3.375900
Compute timing event: phase=Preparation scene=VoxelSceneId("canonical-dense-scene") revision=1 generation=0 elapsed_ms=42.800700
Compute timing event: phase=Upload scene=VoxelSceneId("canonical-dense-scene") revision=1 generation=0 elapsed_ms=0.204100
Compute timing event: phase=Installation scene=VoxelSceneId("canonical-dense-scene") revision=1 generation=0 elapsed_ms=2.876800
Compute timing event: phase=Dispatch scene=VoxelSceneId("canonical-dense-scene") revision=1 generation=0 elapsed_ms=0.162800
Compute timing event: phase=Composite scene=VoxelSceneId("canonical-dense-scene") revision=1 generation=0 elapsed_ms=0.039000
Compute resource observation: sequence=0 point=Configured role=Replacement scene=VoxelSceneId("canonical-dense-scene") installed_revision=1 installed_generation=0 preparing=None pending=None paused=None hidden=None cleanup_debt=None bytes=2572992 objects=17 allocations=4 workers=0 views=0
Compute resource observation: sequence=1 point=Presentation role=Presenting scene=VoxelSceneId("canonical-dense-scene") installed_revision=1 installed_generation=0 preparing=None pending=None paused=None hidden=None cleanup_debt=None bytes=2572992 objects=17 allocations=4 workers=0 views=0
Render Path timing event: phase=Switching source=Raster replacement=ComputeRay revision=1 elapsed_ms=124.105300
First replacement frame presented: Presenting=ComputeRay Retiring=Raster revision=1 CameraStateRevision=CameraStateRevision(1) PresentationConfiguration=Some(PresentationConfigurationId(1))
Render Path overlay: Presenter=ComputeRay Switch=retiring ReplacementRevision=none Required=1 Visible=1 Burst=awaiting-space Camera=overview Control=Tab-accepted-ComputeRay
Render Path timing event: phase=Presentation render_path=ComputeRay revision=1 elapsed_ms=1.904900
Compute timing event: phase=Dispatch scene=VoxelSceneId("canonical-dense-scene") revision=1 generation=0 elapsed_ms=0.047000
Compute timing event: phase=Composite scene=VoxelSceneId("canonical-dense-scene") revision=1 generation=0 elapsed_ms=0.033100
Render Path retirement complete: Retired=Raster owned_resources=0 workers=0 completed_switches=1
Semantic qualification: path=ComputeRay probe=edit-0-0-0 revision=1 frame=5 result=pass
Semantic evidence: {"actual":{"result":"miss"},"distance_tolerance":0.0001,"frame_sequence":5,"kind":"observation","oracle":{"result":"miss"},"passed":true,"probe_identity":"edit-0-0-0","render_path":"compute_ray","revision":"1"}
Semantic qualification: path=ComputeRay probe=edit-40-0-0 revision=1 frame=5 result=pass
Semantic evidence: {"actual":{"result":"miss"},"distance_tolerance":0.0001,"frame_sequence":5,"kind":"observation","oracle":{"result":"miss"},"passed":true,"probe_identity":"edit-40-0-0","render_path":"compute_ray","revision":"1"}
Semantic qualification: path=ComputeRay probe=edit-80-0-0 revision=1 frame=5 result=pass
Semantic evidence: {"actual":{"result":"miss"},"distance_tolerance":0.0001,"frame_sequence":5,"kind":"observation","oracle":{"result":"miss"},"passed":true,"probe_identity":"edit-80-0-0","render_path":"compute_ray","revision":"1"}
Render Path overlay: Presenter=ComputeRay Switch=idle ReplacementRevision=none Required=1 Visible=1 Burst=awaiting-space Camera=overview Control=Space-ready
Render Path timing event: phase=Presentation render_path=ComputeRay revision=1 elapsed_ms=0.221000
Compute timing event: phase=Dispatch scene=VoxelSceneId("canonical-dense-scene") revision=1 generation=0 elapsed_ms=0.036300
Compute timing event: phase=Composite scene=VoxelSceneId("canonical-dense-scene") revision=1 generation=0 elapsed_ms=0.024800
Render Path timing event: phase=Presentation render_path=ComputeRay revision=1 elapsed_ms=0.166100
Compute timing event: phase=Dispatch scene=VoxelSceneId("canonical-dense-scene") revision=1 generation=0 elapsed_ms=0.024900
Compute timing event: phase=Composite scene=VoxelSceneId("canonical-dense-scene") revision=1 generation=0 elapsed_ms=0.022500
Render Path timing event: phase=Presentation render_path=ComputeRay revision=1 elapsed_ms=0.147200
Compute timing event: phase=Dispatch scene=VoxelSceneId("canonical-dense-scene") revision=1 generation=0 elapsed_ms=0.021800
Compute timing event: phase=Composite scene=VoxelSceneId("canonical-dense-scene") revision=1 generation=0 elapsed_ms=0.016600
Render Path timing event: phase=Presentation render_path=ComputeRay revision=1 elapsed_ms=0.198600
Compute timing event: phase=Dispatch scene=VoxelSceneId("canonical-dense-scene") revision=1 generation=0 elapsed_ms=0.033500
Compute timing event: phase=Composite scene=VoxelSceneId("canonical-dense-scene") revision=1 generation=0 elapsed_ms=0.023000
Render Path timing event: phase=Presentation render_path=ComputeRay revision=1 elapsed_ms=0.188600
Compute timing event: phase=Dispatch scene=VoxelSceneId("canonical-dense-scene") revision=1 generation=0 elapsed_ms=0.029900
Compute timing event: phase=Composite scene=VoxelSceneId("canonical-dense-scene") revision=1 generation=0 elapsed_ms=0.019200
Render Path timing event: phase=Presentation render_path=ComputeRay revision=1 elapsed_ms=15.511500
Compute timing event: phase=Dispatch scene=VoxelSceneId("canonical-dense-scene") revision=1 generation=0 elapsed_ms=0.068200
Compute timing event: phase=Composite scene=VoxelSceneId("canonical-dense-scene") revision=1 generation=0 elapsed_ms=0.052000
Render Path timing event: phase=Presentation render_path=ComputeRay revision=1 elapsed_ms=3.943000
Compute timing event: phase=Dispatch scene=VoxelSceneId("canonical-dense-scene") revision=1 generation=0 elapsed_ms=0.067500
Compute timing event: phase=Composite scene=VoxelSceneId("canonical-dense-scene") revision=1 generation=0 elapsed_ms=0.044500
Compute edit requirement submitted: Required=2
Space edit burst accepted while compute presents and switching is idle
Render Path overlay: Presenter=ComputeRay Switch=idle ReplacementRevision=none Required=1 Visible=1 Burst=revision-2-requirement Camera=overview Control=Space-accepted
Render Path timing event: phase=Presentation render_path=ComputeRay revision=1 elapsed_ms=0.650200
Compute timing event: phase=Dispatch scene=VoxelSceneId("canonical-dense-scene") revision=1 generation=0 elapsed_ms=0.065200
Compute timing event: phase=Composite scene=VoxelSceneId("canonical-dense-scene") revision=1 generation=0 elapsed_ms=0.040800
Compute resource observation: sequence=2 point=Convergence role=Presenting scene=VoxelSceneId("canonical-dense-scene") installed_revision=1 installed_generation=0 preparing=Some(ComputeConvergenceWorkStamp { revision: VoxelSceneRevision(2), generation: ComputeConvergenceGeneration(1) }) pending=None paused=None hidden=None cleanup_debt=None bytes=2572992 objects=17 allocations=4 workers=1 views=2
Compute convergence event: PreparationStarted { stamp: ComputeConvergenceWorkStamp { revision: VoxelSceneRevision(2), generation: ComputeConvergenceGeneration(1) } }
Render Path overlay: Presenter=ComputeRay Switch=idle ReplacementRevision=none Required=2 Visible=1 Burst=revision-2-one-block Camera=overview Control=Space-accepted
Render Path timing event: phase=Presentation render_path=ComputeRay revision=1 elapsed_ms=4.136600
Compute timing event: phase=Dispatch scene=VoxelSceneId("canonical-dense-scene") revision=1 generation=0 elapsed_ms=0.069600
Compute timing event: phase=Composite scene=VoxelSceneId("canonical-dense-scene") revision=1 generation=0 elapsed_ms=0.050000
Render Path timing event: phase=Presentation render_path=ComputeRay revision=1 elapsed_ms=4.339400
Compute timing event: phase=Dispatch scene=VoxelSceneId("canonical-dense-scene") revision=1 generation=0 elapsed_ms=0.065300
Compute timing event: phase=Composite scene=VoxelSceneId("canonical-dense-scene") revision=1 generation=0 elapsed_ms=0.038300
Render Path timing event: phase=Presentation render_path=ComputeRay revision=1 elapsed_ms=4.229000
Compute timing event: phase=Dispatch scene=VoxelSceneId("canonical-dense-scene") revision=1 generation=0 elapsed_ms=0.060100
Compute timing event: phase=Composite scene=VoxelSceneId("canonical-dense-scene") revision=1 generation=0 elapsed_ms=0.041200
Compute revision 2 held after one bounded 32-cubed preparation block
Render Path overlay: Presenter=ComputeRay Switch=idle ReplacementRevision=none Required=2 Visible=1 Burst=shutdown-active-preparation-held Camera=overview Control=shutdown-active-preparation-ready
Render Path timing event: phase=Presentation render_path=ComputeRay revision=1 elapsed_ms=3.961100
Compute timing event: phase=Dispatch scene=VoxelSceneId("canonical-dense-scene") revision=1 generation=0 elapsed_ms=0.076500
Compute timing event: phase=Composite scene=VoxelSceneId("canonical-dense-scene") revision=1 generation=0 elapsed_ms=0.057900
Closing with active compute preparation: revision=2 workers=1
Compute resource observation: sequence=3 point=Released role=Presenting scene=VoxelSceneId("canonical-dense-scene") installed_revision=1 installed_generation=0 preparing=Some(ComputeConvergenceWorkStamp { revision: VoxelSceneRevision(2), generation: ComputeConvergenceGeneration(1) }) pending=None paused=None hidden=None cleanup_debt=None bytes=524912 objects=2 allocations=2 workers=1 views=2
Compute resource observation: sequence=4 point=Shutdown role=Presenting scene=VoxelSceneId("canonical-dense-scene") installed_revision=1 installed_generation=0 preparing=None pending=None paused=None hidden=None cleanup_debt=None bytes=0 objects=0 allocations=0 workers=0 views=0
Render Path-owned raster resources after shutdown: 0
Render Path-owned compute resources after shutdown: objects=0 allocations=0 workers=0 views=0
Render Path switching resources after shutdown: replacement=0 retiring=0
