In-client convergence overlay created
Canonical scene: generator=voxel-nexus-canonical-dense version=1 seed=6219286665078134867 dimensions=64x32x64 origin=-8,-4,-8 voxel_size=0.25 materials=canonical-warm,canonical-green,canonical-blue material_colors=0.95,0.22,0.1,1;0.12,0.75,0.28,1;0.1,0.32,0.95,1 occupied=52608 exposed_faces=13616 exposed_face_limit=14000
Canonical camera: camera=overview eye=20,14,22 target=0,0,0 up=0,1,0 fov_degrees=50 near=0.1 far=100
Semantic evidence: {"direction":[0.0,0.0,1.0],"kind":"probe_definition","maximum_distance":0.125,"minimum_distance":0.0,"origin":[-7.96875,-3.96875,-8.0625],"probe_identity":"edit-0-0-0"}
Semantic evidence: {"direction":[0.0,0.0,1.0],"kind":"probe_definition","maximum_distance":0.125,"minimum_distance":0.0,"origin":[-5.46875,-3.96875,-8.0625],"probe_identity":"edit-40-0-0"}
Semantic evidence: {"direction":[0.0,0.0,1.0],"kind":"probe_definition","maximum_distance":0.125,"minimum_distance":0.0,"origin":[-2.96875,-3.96875,-8.0625],"probe_identity":"edit-80-0-0"}
Presenting Render Path: Raster; Required=1 Visible=1 CameraStateRevision=CameraStateRevision(1) Readiness=Preparing
Vulkan drawable extent: 800x600
Vulkan device: NVIDIA GeForce RTX 4070
Driver version: 2497200128 (0x94d84000)
Vulkan API version: 1.4.329
Vulkan validation: enabled
Vulkan present mode: FIFO
GPU timestamp valid bits: 64
GPU timestamp period nanoseconds: 1
Render Path overlay: Presenter=Raster Switch=idle ReplacementRevision=none Required=1 Visible=1 Burst=inactive Camera=overview Control=Tab-waiting-for-convergence
Raster artifact installed: revision=1 count=1
Render Path timing event: phase=Presentation render_path=Raster revision=1 elapsed_ms=48.452200
First matching raster frame presented: revision=1
Semantic qualification: path=Raster probe=edit-0-0-0 revision=1 frame=1 correspondence=NotApplicableMiss result=pass
Semantic evidence: {"correspondence":"NotApplicableMiss","frame_sequence":1,"kind":"observation","oracle":{"result":"miss"},"passed":true,"probe_identity":"edit-0-0-0","render_path":"raster","revision":"1"}
Semantic qualification: path=Raster probe=edit-40-0-0 revision=1 frame=1 correspondence=NotApplicableMiss result=pass
Semantic evidence: {"correspondence":"NotApplicableMiss","frame_sequence":1,"kind":"observation","oracle":{"result":"miss"},"passed":true,"probe_identity":"edit-40-0-0","render_path":"raster","revision":"1"}
Semantic qualification: path=Raster probe=edit-80-0-0 revision=1 frame=1 correspondence=NotApplicableMiss result=pass
Semantic evidence: {"correspondence":"NotApplicableMiss","frame_sequence":1,"kind":"observation","oracle":{"result":"miss"},"passed":true,"probe_identity":"edit-80-0-0","render_path":"raster","revision":"1"}
Render Path overlay: Presenter=Raster Switch=idle ReplacementRevision=none Required=1 Visible=1 Burst=inactive Camera=overview Control=Tab-ready
Render Path timing event: phase=Presentation render_path=Raster revision=1 elapsed_ms=0.203900
Render Path timing event: phase=Presentation render_path=Raster revision=1 elapsed_ms=0.177900
Render Path timing event: phase=Presentation render_path=Raster revision=1 elapsed_ms=0.185900
Render Path timing event: phase=Presentation render_path=Raster revision=1 elapsed_ms=0.272400
Render Path timing event: phase=Presentation render_path=Raster revision=1 elapsed_ms=0.132000
Render Path timing event: phase=Presentation render_path=Raster revision=1 elapsed_ms=2.168300
Render Path timing event: phase=Presentation render_path=Raster revision=1 elapsed_ms=16.086100
Render Path timing event: phase=Presentation render_path=Raster revision=1 elapsed_ms=4.469000
Edit burst command: order=1 volume=VoxelVolumeId("canonical-volume") coordinate=VoxelCoordinate { x: 0, y: 0, z: 0 } old=empty requested=occupied:VoxelMaterialId("canonical-warm")
Edit burst command: order=2 volume=VoxelVolumeId("canonical-volume") coordinate=VoxelCoordinate { x: 21, y: 0, z: 0 } old=empty requested=occupied:VoxelMaterialId("canonical-warm")
Edit burst command: order=3 volume=VoxelVolumeId("canonical-volume") coordinate=VoxelCoordinate { x: 42, y: 0, z: 0 } old=empty requested=occupied:VoxelMaterialId("canonical-warm")
Edit burst inputs: scene=VoxelSceneId("canonical-dense-scene") generator=voxel-nexus-canonical-dense generator_version=1 initial_revision=1 raster_region_extent=32x32x32 camera=overview installed_revision=1 installed_complete=true expected_final_revision=4
Compute edit burst qualification: preparation_block_edge=32 hold_after_completed_blocks=1 post_upload_revision=3 expected_final_revision=4
Semantic evidence: {"direction":[0.0,0.0,1.0],"kind":"probe_definition","maximum_distance":0.125,"minimum_distance":0.0,"origin":[-7.96875,-3.96875,-8.0625],"probe_identity":"edit-0-0-0"}
Semantic evidence: {"direction":[0.0,0.0,1.0],"kind":"probe_definition","maximum_distance":0.125,"minimum_distance":0.0,"origin":[-5.46875,-3.96875,-8.0625],"probe_identity":"edit-40-0-0"}
Semantic evidence: {"direction":[0.0,0.0,1.0],"kind":"probe_definition","maximum_distance":0.125,"minimum_distance":0.0,"origin":[-2.96875,-3.96875,-8.0625],"probe_identity":"edit-80-0-0"}
Tab switch accepted: Presenting=Raster Replacement=ComputeRay revision=1
Render Path overlay: Presenter=Raster Switch=preparing ReplacementRevision=1 Required=1 Visible=1 Burst=awaiting-space Camera=overview Control=Tab-accepted-ComputeRay
Render Path timing event: phase=Presentation render_path=ComputeRay revision=1 elapsed_ms=3.087200
Compute timing event: phase=Preparation scene=VoxelSceneId("canonical-dense-scene") revision=1 generation=0 elapsed_ms=43.838100
Compute timing event: phase=Upload scene=VoxelSceneId("canonical-dense-scene") revision=1 generation=0 elapsed_ms=0.258700
Compute timing event: phase=Installation scene=VoxelSceneId("canonical-dense-scene") revision=1 generation=0 elapsed_ms=2.668500
Compute timing event: phase=Dispatch scene=VoxelSceneId("canonical-dense-scene") revision=1 generation=0 elapsed_ms=0.123200
Compute timing event: phase=Composite scene=VoxelSceneId("canonical-dense-scene") revision=1 generation=0 elapsed_ms=0.043100
Compute resource observation: sequence=0 point=Configured role=Replacement scene=VoxelSceneId("canonical-dense-scene") installed_revision=1 installed_generation=0 preparing=None pending=None paused=None hidden=None cleanup_debt=None bytes=2572992 objects=17 allocations=4 workers=0 views=0
Compute resource observation: sequence=1 point=Presentation role=Presenting scene=VoxelSceneId("canonical-dense-scene") installed_revision=1 installed_generation=0 preparing=None pending=None paused=None hidden=None cleanup_debt=None bytes=2572992 objects=17 allocations=4 workers=0 views=0
Render Path timing event: phase=Switching source=Raster replacement=ComputeRay revision=1 elapsed_ms=118.776800
First replacement frame presented: Presenting=ComputeRay Retiring=Raster revision=1 CameraStateRevision=CameraStateRevision(1) PresentationConfiguration=Some(PresentationConfigurationId(1))
Render Path overlay: Presenter=ComputeRay Switch=retiring ReplacementRevision=none Required=1 Visible=1 Burst=awaiting-space Camera=overview Control=Tab-accepted-ComputeRay
Render Path timing event: phase=Presentation render_path=ComputeRay revision=1 elapsed_ms=2.322300
Compute timing event: phase=Dispatch scene=VoxelSceneId("canonical-dense-scene") revision=1 generation=0 elapsed_ms=0.049300
Compute timing event: phase=Composite scene=VoxelSceneId("canonical-dense-scene") revision=1 generation=0 elapsed_ms=0.032500
Render Path retirement complete: Retired=Raster owned_resources=0 workers=0 completed_switches=1
Semantic qualification: path=ComputeRay probe=edit-0-0-0 revision=1 frame=10 result=pass
Semantic evidence: {"actual":{"result":"miss"},"distance_tolerance":0.0001,"frame_sequence":10,"kind":"observation","oracle":{"result":"miss"},"passed":true,"probe_identity":"edit-0-0-0","render_path":"compute_ray","revision":"1"}
Semantic qualification: path=ComputeRay probe=edit-40-0-0 revision=1 frame=10 result=pass
Semantic evidence: {"actual":{"result":"miss"},"distance_tolerance":0.0001,"frame_sequence":10,"kind":"observation","oracle":{"result":"miss"},"passed":true,"probe_identity":"edit-40-0-0","render_path":"compute_ray","revision":"1"}
Semantic qualification: path=ComputeRay probe=edit-80-0-0 revision=1 frame=10 result=pass
Semantic evidence: {"actual":{"result":"miss"},"distance_tolerance":0.0001,"frame_sequence":10,"kind":"observation","oracle":{"result":"miss"},"passed":true,"probe_identity":"edit-80-0-0","render_path":"compute_ray","revision":"1"}
Render Path overlay: Presenter=ComputeRay Switch=idle ReplacementRevision=none Required=1 Visible=1 Burst=awaiting-space Camera=overview Control=Space-ready
Render Path timing event: phase=Presentation render_path=ComputeRay revision=1 elapsed_ms=0.224700
Compute timing event: phase=Dispatch scene=VoxelSceneId("canonical-dense-scene") revision=1 generation=0 elapsed_ms=0.037100
Compute timing event: phase=Composite scene=VoxelSceneId("canonical-dense-scene") revision=1 generation=0 elapsed_ms=0.027000
Render Path timing event: phase=Presentation render_path=ComputeRay revision=1 elapsed_ms=0.156100
Compute timing event: phase=Dispatch scene=VoxelSceneId("canonical-dense-scene") revision=1 generation=0 elapsed_ms=0.024400
Compute timing event: phase=Composite scene=VoxelSceneId("canonical-dense-scene") revision=1 generation=0 elapsed_ms=0.018800
Render Path timing event: phase=Presentation render_path=ComputeRay revision=1 elapsed_ms=0.186300
Compute timing event: phase=Dispatch scene=VoxelSceneId("canonical-dense-scene") revision=1 generation=0 elapsed_ms=0.030100
Compute timing event: phase=Composite scene=VoxelSceneId("canonical-dense-scene") revision=1 generation=0 elapsed_ms=0.020500
Render Path timing event: phase=Presentation render_path=ComputeRay revision=1 elapsed_ms=0.178100
Compute timing event: phase=Dispatch scene=VoxelSceneId("canonical-dense-scene") revision=1 generation=0 elapsed_ms=0.028200
Compute timing event: phase=Composite scene=VoxelSceneId("canonical-dense-scene") revision=1 generation=0 elapsed_ms=0.019500
Render Path timing event: phase=Presentation render_path=ComputeRay revision=1 elapsed_ms=0.143300
Compute timing event: phase=Dispatch scene=VoxelSceneId("canonical-dense-scene") revision=1 generation=0 elapsed_ms=0.023900
Compute timing event: phase=Composite scene=VoxelSceneId("canonical-dense-scene") revision=1 generation=0 elapsed_ms=0.017100
Render Path timing event: phase=Presentation render_path=ComputeRay revision=1 elapsed_ms=2.644400
Compute timing event: phase=Dispatch scene=VoxelSceneId("canonical-dense-scene") revision=1 generation=0 elapsed_ms=0.030900
Compute timing event: phase=Composite scene=VoxelSceneId("canonical-dense-scene") revision=1 generation=0 elapsed_ms=0.021700
Render Path timing event: phase=Presentation render_path=ComputeRay revision=1 elapsed_ms=15.611900
Compute timing event: phase=Dispatch scene=VoxelSceneId("canonical-dense-scene") revision=1 generation=0 elapsed_ms=0.055600
Compute timing event: phase=Composite scene=VoxelSceneId("canonical-dense-scene") revision=1 generation=0 elapsed_ms=0.037700
Render Path timing event: phase=Presentation render_path=ComputeRay revision=1 elapsed_ms=4.455900
Compute timing event: phase=Dispatch scene=VoxelSceneId("canonical-dense-scene") revision=1 generation=0 elapsed_ms=0.048000
Compute timing event: phase=Composite scene=VoxelSceneId("canonical-dense-scene") revision=1 generation=0 elapsed_ms=0.032800
Compute edit requirement submitted: Required=2
Space edit burst accepted while compute presents and switching is idle
Render Path overlay: Presenter=ComputeRay Switch=idle ReplacementRevision=none Required=1 Visible=1 Burst=revision-2-requirement Camera=overview Control=Space-accepted
Render Path timing event: phase=Presentation render_path=ComputeRay revision=1 elapsed_ms=1.572700
Compute timing event: phase=Dispatch scene=VoxelSceneId("canonical-dense-scene") revision=1 generation=0 elapsed_ms=0.079600
Compute timing event: phase=Composite scene=VoxelSceneId("canonical-dense-scene") revision=1 generation=0 elapsed_ms=0.053000
Compute resource observation: sequence=2 point=Convergence role=Presenting scene=VoxelSceneId("canonical-dense-scene") installed_revision=1 installed_generation=0 preparing=Some(ComputeConvergenceWorkStamp { revision: VoxelSceneRevision(2), generation: ComputeConvergenceGeneration(1) }) pending=None paused=None hidden=None cleanup_debt=None bytes=2572992 objects=17 allocations=4 workers=1 views=2
Compute convergence event: PreparationStarted { stamp: ComputeConvergenceWorkStamp { revision: VoxelSceneRevision(2), generation: ComputeConvergenceGeneration(1) } }
Render Path overlay: Presenter=ComputeRay Switch=idle ReplacementRevision=none Required=2 Visible=1 Burst=revision-2-one-block Camera=overview Control=Space-accepted
Render Path timing event: phase=Presentation render_path=ComputeRay revision=1 elapsed_ms=3.567500
Compute timing event: phase=Dispatch scene=VoxelSceneId("canonical-dense-scene") revision=1 generation=0 elapsed_ms=0.044600
Compute timing event: phase=Composite scene=VoxelSceneId("canonical-dense-scene") revision=1 generation=0 elapsed_ms=0.033500
Render Path timing event: phase=Presentation render_path=ComputeRay revision=1 elapsed_ms=4.713900
Compute timing event: phase=Dispatch scene=VoxelSceneId("canonical-dense-scene") revision=1 generation=0 elapsed_ms=0.045400
Compute timing event: phase=Composite scene=VoxelSceneId("canonical-dense-scene") revision=1 generation=0 elapsed_ms=0.031100
Render Path timing event: phase=Presentation render_path=ComputeRay revision=1 elapsed_ms=4.224100
Compute timing event: phase=Dispatch scene=VoxelSceneId("canonical-dense-scene") revision=1 generation=0 elapsed_ms=0.039900
Compute timing event: phase=Composite scene=VoxelSceneId("canonical-dense-scene") revision=1 generation=0 elapsed_ms=0.029300
Compute revision 2 held after one bounded 32-cubed preparation block
Render Path overlay: Presenter=ComputeRay Switch=idle ReplacementRevision=none Required=2 Visible=1 Burst=shutdown-hidden-candidate-upload Camera=overview Control=Space-accepted
Render Path timing event: phase=Presentation render_path=ComputeRay revision=1 elapsed_ms=4.191300
Compute timing event: phase=Dispatch scene=VoxelSceneId("canonical-dense-scene") revision=1 generation=0 elapsed_ms=0.041600
Compute timing event: phase=Composite scene=VoxelSceneId("canonical-dense-scene") revision=1 generation=0 elapsed_ms=0.029200
Render Path timing event: phase=Presentation render_path=ComputeRay revision=1 elapsed_ms=4.631400
Compute timing event: phase=Dispatch scene=VoxelSceneId("canonical-dense-scene") revision=1 generation=0 elapsed_ms=0.052800
Compute timing event: phase=Composite scene=VoxelSceneId("canonical-dense-scene") revision=1 generation=0 elapsed_ms=0.035800
Render Path timing event: phase=Presentation render_path=ComputeRay revision=1 elapsed_ms=4.334900
Compute timing event: phase=Dispatch scene=VoxelSceneId("canonical-dense-scene") revision=1 generation=0 elapsed_ms=0.044300
Compute timing event: phase=Composite scene=VoxelSceneId("canonical-dense-scene") revision=1 generation=0 elapsed_ms=0.029400
Render Path timing event: phase=Presentation render_path=ComputeRay revision=1 elapsed_ms=4.300500
Compute timing event: phase=Dispatch scene=VoxelSceneId("canonical-dense-scene") revision=1 generation=0 elapsed_ms=0.035100
Compute timing event: phase=Composite scene=VoxelSceneId("canonical-dense-scene") revision=1 generation=0 elapsed_ms=0.023900
Render Path timing event: phase=Presentation render_path=ComputeRay revision=1 elapsed_ms=4.419300
Compute timing event: phase=Dispatch scene=VoxelSceneId("canonical-dense-scene") revision=1 generation=0 elapsed_ms=0.057600
Compute timing event: phase=Composite scene=VoxelSceneId("canonical-dense-scene") revision=1 generation=0 elapsed_ms=0.042300
Render Path timing event: phase=Presentation render_path=ComputeRay revision=1 elapsed_ms=4.458100
Compute timing event: phase=Upload scene=VoxelSceneId("canonical-dense-scene") revision=2 generation=1 elapsed_ms=0.223600
Compute timing event: phase=Dispatch scene=VoxelSceneId("canonical-dense-scene") revision=1 generation=0 elapsed_ms=0.057700
Compute timing event: phase=Composite scene=VoxelSceneId("canonical-dense-scene") revision=1 generation=0 elapsed_ms=0.040800
Compute resource observation: sequence=3 point=Convergence role=Presenting scene=VoxelSceneId("canonical-dense-scene") installed_revision=1 installed_generation=0 preparing=None pending=None paused=None hidden=Some(ComputeConvergenceWorkStamp { revision: VoxelSceneRevision(2), generation: ComputeConvergenceGeneration(1) }) cleanup_debt=None bytes=3097376 objects=18 allocations=5 workers=0 views=1
Compute convergence event: PreparationReady { stamp: ComputeConvergenceWorkStamp { revision: VoxelSceneRevision(2), generation: ComputeConvergenceGeneration(1) } }
Compute convergence event: CandidateUploaded { stamp: ComputeConvergenceWorkStamp { revision: VoxelSceneRevision(2), generation: ComputeConvergenceGeneration(1) } }
Compute revision 2 uploaded and retained for shutdown
Render Path overlay: Presenter=ComputeRay Switch=idle ReplacementRevision=none Required=2 Visible=1 Burst=shutdown-hidden-candidate-held Camera=overview Control=shutdown-hidden-candidate-ready
Render Path timing event: phase=Presentation render_path=ComputeRay revision=1 elapsed_ms=3.749000
Compute timing event: phase=Dispatch scene=VoxelSceneId("canonical-dense-scene") revision=1 generation=0 elapsed_ms=0.115800
Compute timing event: phase=Composite scene=VoxelSceneId("canonical-dense-scene") revision=1 generation=0 elapsed_ms=0.029600
Closing with hidden uploaded compute candidate: revision=2
Compute resource observation: sequence=4 point=Released role=Presenting scene=VoxelSceneId("canonical-dense-scene") installed_revision=1 installed_generation=0 preparing=None pending=None paused=None hidden=Some(ComputeConvergenceWorkStamp { revision: VoxelSceneRevision(2), generation: ComputeConvergenceGeneration(1) }) cleanup_debt=None bytes=1049296 objects=3 allocations=3 workers=0 views=1
Compute resource observation: sequence=5 point=Shutdown role=Presenting scene=VoxelSceneId("canonical-dense-scene") installed_revision=1 installed_generation=0 preparing=None pending=None paused=None hidden=None cleanup_debt=None bytes=0 objects=0 allocations=0 workers=0 views=0
Render Path-owned raster resources after shutdown: 0
Render Path-owned compute resources after shutdown: objects=0 allocations=0 workers=0 views=0
Render Path switching resources after shutdown: replacement=0 retiring=0
